TOML parse error at line 1, column 25
  |
1 | comment-lf = "ctrl-P" # 
  |                         ^
expected newline, `#`