TOML parse error at line 1, column 20
  |
1 | multi-del = """null"""
  |                    ^
invalid multiline basic string