TOML parse error at line 1, column 23
  |
1 | rawmulti-del = '''null'''
  |                       ^
invalid multiline literal string