TOML parse error at line 1, column 21
  |
1 | rawstring-us = 'null'
  |                     ^
invalid literal string