TOML parse error at line 1, column 19
  |
1 | string-del = "null"
  |                   ^
invalid basic string