TOML parse error at line 1, column 18
  |
1 | string-us = "null"
  |                  ^
invalid basic string