TOML parse error at line 1, column 9
  |
1 | name = [value]
  |         ^
invalid array
expected `]`
