TOML parse error at line 1, column 4
  |
1 | ["""tbl"""]
  |    ^
invalid table header
expected `.`, `]`
