TOML parse error at line 2, column 1
  |
2 | "" = 2
  | ^
duplicate key `` in document root
