TOML parse error at line 1, column 5
  |
1 | b = FALSE
  |     ^
invalid string
expected `"`, `'`