TOML parse error at line 1, column 76
  |
1 | invalid-codepoint = "This string contains a non scalar unicode codepoint \uD801"
  |                                                                            ^
invalid unicode 4-digit hex code
value is out of range