TOML parse error at line 1, column 7
  |
1 | a = 1.
  |       ^
invalid floating-point number
expected digit
