TOML parse error at line 1, column 11
  |
1 | bad = 123_
  |           ^
Unexpected `
`
Expected digit
While parsing an Integer
