TOML parse error at line 2, column 46
  |
2 |   "Is there life after an array separator?", No
  |                                              ^
Unexpected `N`
Expected `]`
