TOML parse error at line 1, column 18
  |
1 | negative-oct = -0o99
  |                  ^
expected newline, `#`